# 关于策略/ 结构重排 —— 文档引用同步映射表（2026-10-09）
#
# 目标形式：`关于策略/<主题>/<文件名>`
#   主题 = 我 ｜ 视频10期 ｜ Minervini与Donchian ｜ Tugboat
#
# 用法：python scripts/sync_doc_refs.py .migrate-关于策略-2026-10-09.map --apply

# ============================================================
# A. Tugboat 主题：带 factor-layer/ 前缀（README 的真链接）
# ============================================================
factor-layer/关于策略/19-最终结论-2026-10-09.md -> 关于策略/Tugboat/19-最终结论-2026-10-09.md
factor-layer/关于策略/18-改动裁定-哪些对哪些错-2026-10-09.md -> 关于策略/Tugboat/18-改动裁定-哪些对哪些错-2026-10-09.md
factor-layer/关于策略/17-第三轮独立复审与修正-2026-10-09.md -> 关于策略/Tugboat/17-第三轮独立复审与修正-2026-10-09.md
factor-layer/关于策略/16-独立复审与修正-2026-10-09.md -> 关于策略/Tugboat/16-独立复审与修正-2026-10-09.md
factor-layer/关于策略/16-独立复审与修正 -> 关于策略/Tugboat/16-独立复审与修正-2026-10-09.md
factor-layer/关于策略/15-最终结论-突破交易2.0-2026-10-09.md -> 关于策略/Tugboat/15-最终结论-突破交易2.0-2026-10-09.md
factor-layer/关于策略/14-验证-突破交易2.0-完整画像与敏感性-2026-10-08.md -> 关于策略/Tugboat/14-验证-突破交易2.0-完整画像与敏感性-2026-10-08.md
factor-layer/关于策略/14-验证-…完整画像与敏感性 -> 关于策略/Tugboat/14-验证-突破交易2.0-完整画像与敏感性-2026-10-08.md
factor-layer/关于策略/13-验证-第一次回测-突破交易2.0-2026-10-08.md -> 关于策略/Tugboat/13-验证-第一次回测-突破交易2.0-2026-10-08.md
factor-layer/关于策略/11-验证-数据体检报告-2026-10-08.md -> 关于策略/Tugboat/11-验证-数据体检报告-2026-10-08.md
factor-layer/关于策略/10-测试-机器层验证目标.md -> 关于策略/Tugboat/10-测试-机器层验证目标.md
factor-layer/关于策略/9-资料-TradingTugboat.md -> 关于策略/Tugboat/9-资料-TradingTugboat.md

# ============================================================
# B. 带 ../ 相对前缀
# ============================================================
../关于策略/11-验证-数据体检报告-2026-10-08.md -> 关于策略/Tugboat/11-验证-数据体检报告-2026-10-08.md
../关于策略/10-测试-机器层验证目标.md -> 关于策略/Tugboat/10-测试-机器层验证目标.md
../关于策略/10-测试-… -> 关于策略/Tugboat/10-测试-机器层验证目标.md
../关于策略/9-资料-TradingTugboat.md -> 关于策略/Tugboat/9-资料-TradingTugboat.md
../关于策略/2-世界-视频整理.md -> 关于策略/视频10期/2-世界-视频整理.md
../关于策略/3-认识-思维误区.md -> 关于策略/我/3-认识-思维误区.md

# ============================================================
# C. 带 关于策略/ 前缀（无 factor-layer）
# ============================================================
关于策略/15-最终结论-突破交易2.0-2026-10-09.md -> 关于策略/Tugboat/15-最终结论-突破交易2.0-2026-10-09.md
关于策略/14-验证-…完整画像与敏感性 -> 关于策略/Tugboat/14-验证-突破交易2.0-完整画像与敏感性-2026-10-08.md
关于策略/11-验证-数据体检报告-2026-10-08.md -> 关于策略/Tugboat/11-验证-数据体检报告-2026-10-08.md
关于策略/11-验证-数据体检报告 -> 关于策略/Tugboat/11-验证-数据体检报告-2026-10-08.md
关于策略/11-… -> 关于策略/Tugboat/11-验证-数据体检报告-2026-10-08.md
关于策略/9-资料-TradingTugboat.md -> 关于策略/Tugboat/9-资料-TradingTugboat.md
关于策略/12 -> 关于策略/Tugboat/12-验证-第一次随机对照-紧密盘整筛选-2026-10-08.md
关于策略/7-工具-成本模拟.py -> 关于策略/工具/成本模拟.py

# ============================================================
# D. 工具 / 素材
# ============================================================
7-工具-成本模拟.py -> 关于策略/工具/成本模拟.py
8-工具-srt转文本.py -> srt转文本.py
../原始字幕-Tugboat/ -> ../素材/Tugboat字幕/
原始字幕-Tugboat/ -> 素材/Tugboat字幕/

# ============================================================
# E. 目录名（描述性提及）
# ============================================================
9-资料-TradingTugboat及测试/ -> Tugboat/
factor-layer/关于策略/ -> 关于策略/
